current directory: /Users/nivupai/nivupai.github.io/vendor/bundle/ruby/4.0.0/gems/eventmachine-1.2.7/ext
/opt/homebrew/opt/ruby/bin/ruby extconf.rb
checking for pkg-config for openssl... *** extconf.rb failed ***
Could not create Makefile due to some reason, probably lack of necessary
libraries and/or headers.  Check the mkmf.log file for more details.  You may
need configuration options.

Provided configuration options:
	--with-opt-dir
	--with-opt-include=${opt-dir}/include
	--without-opt-include
	--with-opt-lib=${opt-dir}/lib
	--without-opt-lib
	--with-make-prog
	--without-make-prog
	--srcdir=.
	--curdir
	--ruby=/opt/homebrew/Cellar/ruby/4.0.1/bin/$(RUBY_BASE_NAME)
	--with-ssl-dir
	--without-ssl-dir
	--with-ssl-include=${ssl-dir}/include
	--without-ssl-include
	--with-ssl-lib=${ssl-dir}/lib
	--without-ssl-lib
	--with-openssl-dir
	--without-openssl-dir
	--with-openssl-include=${openssl-dir}/include
	--without-openssl-include
	--with-openssl-lib=${openssl-dir}/lib
	--without-openssl-lib
	--with-openssl-config
	--without-openssl-config
	--with-pkg-config
	--without-pkg-config
/opt/homebrew/Cellar/ruby/4.0.1/lib/ruby/4.0.0/mkmf.rb:528:in 'MakeMakefile#try_do': The compiler failed to generate an executable file. (RuntimeError)
You have to install development tools first.

	from /opt/homebrew/Cellar/ruby/4.0.1/lib/ruby/4.0.0/mkmf.rb:621:in 'MakeMakefile#try_link0'
	from /opt/homebrew/Cellar/ruby/4.0.1/lib/ruby/4.0.0/mkmf.rb:639:in 'MakeMakefile#try_link'
	from /opt/homebrew/Cellar/ruby/4.0.1/lib/ruby/4.0.0/mkmf.rb:753:in 'MakeMakefile#try_ldflags'
	from /opt/homebrew/Cellar/ruby/4.0.1/lib/ruby/4.0.0/mkmf.rb:2006:in 'block in MakeMakefile#pkg_config'
	from /opt/homebrew/Cellar/ruby/4.0.1/lib/ruby/4.0.0/mkmf.rb:1070:in 'block in MakeMakefile#checking_for'
	from /opt/homebrew/Cellar/ruby/4.0.1/lib/ruby/4.0.0/mkmf.rb:370:in 'block (2 levels) in MakeMakefile::Logging.postpone'
	from /opt/homebrew/Cellar/ruby/4.0.1/lib/ruby/4.0.0/mkmf.rb:340:in 'MakeMakefile::Logging.open'
	from /opt/homebrew/Cellar/ruby/4.0.1/lib/ruby/4.0.0/mkmf.rb:370:in 'block in MakeMakefile::Logging.postpone'
	from /opt/homebrew/Cellar/ruby/4.0.1/lib/ruby/4.0.0/mkmf.rb:340:in 'MakeMakefile::Logging.open'
	from /opt/homebrew/Cellar/ruby/4.0.1/lib/ruby/4.0.0/mkmf.rb:366:in 'MakeMakefile::Logging.postpone'
	from /opt/homebrew/Cellar/ruby/4.0.1/lib/ruby/4.0.0/mkmf.rb:1069:in 'MakeMakefile#checking_for'
	from /opt/homebrew/Cellar/ruby/4.0.1/lib/ruby/4.0.0/mkmf.rb:1959:in 'MakeMakefile#pkg_config'
	from extconf.rb:65:in 'Object#pkg_config_wrapper'
	from extconf.rb:92:in '<main>'

To see why this extension failed to compile, please check the mkmf.log which can be found here:

  /Users/nivupai/nivupai.github.io/vendor/bundle/ruby/4.0.0/extensions/arm64-darwin-24/4.0.0/eventmachine-1.2.7/mkmf.log

extconf failed, exit code 1
