DYLD_LIBRARY_PATH=.:/opt/homebrew/Cellar/ruby/4.0.1/lib LSAN_OPTIONS=detect_leaks=0 pkg-config --exists openssl
DYLD_LIBRARY_PATH=.:/opt/homebrew/Cellar/ruby/4.0.1/lib LSAN_OPTIONS=detect_leaks=0 pkg-config --libs openssl |
=> "-L/opt/homebrew/Cellar/openssl@3/3.6.1/lib -lssl -lcrypto\n"
DYLD_LIBRARY_PATH=.:/opt/homebrew/Cellar/ruby/4.0.1/lib LSAN_OPTIONS=detect_leaks=0 "clang -o conftest -I/opt/homebrew/Cellar/ruby/4.0.1/include/ruby-4.0.0/arm64-darwin24 -I/opt/homebrew/Cellar/ruby/4.0.1/include/ruby-4.0.0/ruby/backward -I/opt/homebrew/Cellar/ruby/4.0.1/include/ruby-4.0.0 -I. -I/opt/homebrew/opt/libyaml/include -I/opt/homebrew/opt/openssl@3/include -D_XOPEN_SOURCE -D_DARWIN_C_SOURCE -D_DARWIN_UNLIMITED_SELECT -D_REENTRANT   -fstack-protector-strong -U_FORTIFY_SOURCE -D_FORTIFY_SOURCE=2 -fdeclspec  -O3 -fno-fast-math -ggdb3 -Wall -Wextra -Wextra-tokens -Wdeprecated-declarations -Wdivision-by-zero -Wdiv-by-zero -Wimplicit-function-declaration -Wimplicit-int -Wpointer-arith -Wshorten-64-to-32 -Wwrite-strings -Wold-style-definition -Wmissing-noreturn -Wno-cast-function-type -Wno-constant-logical-operand -Wno-long-long -Wno-missing-field-initializers -Wno-overlength-strings -Wno-parentheses-equality -Wno-self-assign -Wno-tautological-compare -Wno-unused-parameter -Wno-unused-value -Wunused-variable -Wmisleading-indentation -Wundef -fno-common -pipe conftest.c -L. -L/opt/homebrew/Cellar/ruby/4.0.1/lib -L/opt/homebrew/opt/libyaml/lib -L/opt/homebrew/opt/openssl@3/lib -L. -fstack-protector-strong -L/opt/homebrew/Cellar/libyaml/0.2.5/lib -L/opt/homebrew/Cellar/openssl@3/3.6.1/lib  -arch arm64   -lruby.4.0  -lpthread  "
warning: unknown warning option '-Wno-cast-function-type'; did you mean '-Wno-bad-function-cast'? [-Wunknown-warning-option]
In file included from conftest.c:1:
In file included from /opt/homebrew/Cellar/ruby/4.0.1/include/ruby-4.0.0/ruby.h:38:
In file included from /opt/homebrew/Cellar/ruby/4.0.1/include/ruby-4.0.0/ruby/ruby.h:25:
/opt/homebrew/Cellar/ruby/4.0.1/include/ruby-4.0.0/ruby/defines.h:16:10: fatal error: 'stdio.h' file not found
#include <stdio.h>
         ^~~~~~~~~
1 warning and 1 error generated.
checked program was:
/* begin */
1: #include "ruby.h"
2: 
3: int main(int argc, char **argv)
4: {
5:   return !!argv[argc];
6: }
/* end */

